Analyzing nursemingle...                                        

   info - Don't use 'BuildContext's across async gaps - lib\components\rewarded_ad_dialog.dart:108:20 - use_build_context_synchronously
   info - 'withOpacity' is deprecated and shouldn't be used. Use .withValues() to avoid precision loss - lib\components\rewarded_ad_dialog.dart:124:33 - deprecated_member_use
   info - 'withOpacity' is deprecated and shouldn't be used. Use .withValues() to avoid precision loss - lib\components\rewarded_ad_dialog.dart:125:32 - deprecated_member_use
   info - 'withOpacity' is deprecated and shouldn't be used. Use .withValues() to avoid precision loss - lib\components\rewarded_ad_dialog.dart:178:41 - deprecated_member_use
warning - The value of the field '_scrollController' isn't used - lib\screens\ChatScreen\chat_screen.dart:33:26 - unused_field
   info - Don't use 'BuildContext's across async gaps - lib\screens\ChatScreen\chat_screen.dart:89:30 - use_build_context_synchronously
   info - Don't use 'BuildContext's across async gaps - lib\screens\ChatScreen\chat_screen.dart:99:28 - use_build_context_synchronously
   info - 'withOpacity' is deprecated and shouldn't be used. Use .withValues() to avoid precision loss - lib\screens\ChatScreen\chat_screen.dart:178:64 - deprecated_member_use
   info - 'withOpacity' is deprecated and shouldn't be used. Use .withValues() to avoid precision loss - lib\screens\ChatScreen\chat_screen.dart:233:65 - deprecated_member_use
   info - 'withOpacity' is deprecated and shouldn't be used. Use .withValues() to avoid precision loss - lib\screens\ChatScreen\chat_screen.dart:238:64 - deprecated_member_use
   info - 'withOpacity' is deprecated and shouldn't be used. Use .withValues() to avoid precision loss - lib\screens\ChatScreen\chat_screen.dart:271:52 - deprecated_member_use
warning - The value of the local variable 'theme' isn't used - lib\screens\ChatScreen\chat_screen.dart:430:11 - unused_local_variable
   info - 'withOpacity' is deprecated and shouldn't be used. Use .withValues() to avoid precision loss - lib\screens\ChatScreen\chat_screen.dart:450:41 - deprecated_member_use
   info - 'withOpacity' is deprecated and shouldn't be used. Use .withValues() to avoid precision loss - lib\screens\ChatScreen\chat_screen.dart:459:41 - deprecated_member_use
   info - Don't use 'BuildContext's across async gaps - lib\screens\DiscoveryScreen\filters_screen.dart:112:19 - use_build_context_synchronously
  error - Invalid constant value - lib\screens\DiscoveryScreen\filters_screen.dart:158:52 - invalid_constant
   info - 'withOpacity' is deprecated and shouldn't be used. Use .withValues() to avoid precision loss - lib\screens\DiscoveryScreen\filters_screen.dart:190:56 - deprecated_member_use
  error - The argument for the named parameter 'color' was already specified - lib\screens\DiscoveryScreen\filters_screen.dart:202:98 - duplicate_named_argument
   info - 'withOpacity' is deprecated and shouldn't be used. Use .withValues() to avoid precision loss - lib\screens\DiscoveryScreen\filters_screen.dart:246:54 - deprecated_member_use
  error - The argument for the named parameter 'color' was already specified - lib\screens\DiscoveryScreen\filters_screen.dart:258:96 - duplicate_named_argument
   info - 'withOpacity' is deprecated and shouldn't be used. Use .withValues() to avoid precision loss - lib\screens\DiscoveryScreen\filters_screen.dart:275:56 - deprecated_member_use
   info - 'withOpacity' is deprecated and shouldn't be used. Use .withValues() to avoid precision loss - lib\screens\DiscoveryScreen\filters_screen.dart:286:54 - deprecated_member_use
  error - The argument for the named parameter 'color' was already specified - lib\screens\DiscoveryScreen\filters_screen.dart:298:96 - duplicate_named_argument
   info - 'withOpacity' is deprecated and shouldn't be used. Use .withValues() to avoid precision loss - lib\screens\DiscoveryScreen\filters_screen.dart:330:56 - deprecated_member_use
   info - 'withOpacity' is deprecated and shouldn't be used. Use .withValues() to avoid precision loss - lib\screens\DiscoveryScreen\filters_screen.dart:353:54 - deprecated_member_use
  error - The argument for the named parameter 'color' was already specified - lib\screens\DiscoveryScreen\filters_screen.dart:365:96 - duplicate_named_argument
   info - 'withOpacity' is deprecated and shouldn't be used. Use .withValues() to avoid precision loss - lib\screens\DiscoveryScreen\filters_screen.dart:380:54 - deprecated_member_use
  error - The argument for the named parameter 'color' was already specified - lib\screens\DiscoveryScreen\filters_screen.dart:392:96 - duplicate_named_argument
warning - The value of the field '_jobTitleController' isn't used - lib\screens\EditProfileScreen\edit_profile_screen.dart:58:31 - unused_field
   info - Don't use 'BuildContext's across async gaps - lib\screens\EditProfileScreen\edit_profile_screen.dart:101:30 - use_build_context_synchronously
   info - 'withOpacity' is deprecated and shouldn't be used. Use .withValues() to avoid precision loss - lib\screens\EditProfileScreen\edit_profile_screen.dart:163:79 - deprecated_member_use
   info - 'withOpacity' is deprecated and shouldn't be used. Use .withValues() to avoid precision loss - lib\screens\GiftsScreen\gifts_screen.dart:31:44 - deprecated_member_use
   info - Don't use 'BuildContext's across async gaps - lib\screens\GiftsScreen\gifts_screen.dart:52:21 - use_build_context_synchronously
   info - 'withOpacity' is deprecated and shouldn't be used. Use .withValues() to avoid precision loss - lib\screens\GiftsScreen\gifts_screen.dart:70:44 - deprecated_member_use
   info - Don't use 'BuildContext's across async gaps - lib\screens\GiftsScreen\gifts_screen.dart:90:21 - use_build_context_synchronously
   info - 'withOpacity' is deprecated and shouldn't be used. Use .withValues() to avoid precision loss - lib\screens\GiftsScreen\gifts_screen.dart:114:46 - deprecated_member_use
   info - Don't use 'BuildContext's across async gaps - lib\screens\GiftsScreen\gifts_screen.dart:134:68 - use_build_context_synchronously
   info - The file name 'LanguagePage.dart' isn't a lower_case_with_underscores identifier - lib\screens\LanguagePage.dart:1:1 - file_names
   info - 'window' is deprecated and shouldn't be used. Look up the current FlutterView from the context via View.of(context) or consult the PlatformDispatcher directly instead. Deprecated to prepare for the upcoming multi-window support. This feature was deprecated after v3.7.0-32.0.pre - lib\screens\LanguagePage.dart:17:29 - deprecated_member_use
  error - Target of URI doesn't exist: '../widgets/profile_detail_screen.dart' - lib\screens\LikesScreen\likes_screen.dart:5:8 - uri_does_not_exist
warning - The value of the field '_adsWatchedLikes' isn't used - lib\screens\LikesScreen\likes_screen.dart:15:13 - unused_field
   info - 'withOpacity' is deprecated and shouldn't be used. Use .withValues() to avoid precision loss - lib\screens\LikesScreen\likes_screen.dart:158:66 - deprecated_member_use
   info - Uses 'await' on an instance of 'String?', which is not a subtype of 'Future' - lib\screens\LiveStreamingScreen\live_streaming_screen.dart:36:19 - await_only_futures
  error - Instance member 'getToken' can't be accessed using static access - lib\screens\LiveStreamingScreen\live_streaming_screen.dart:36:40 - static_access_to_instance_member
  error - A value of type 'String?' can't be assigned to a variable of type 'String' - lib\screens\LiveStreamingScreen\live_streaming_screen.dart:38:31 - invalid_assignment
  error - The method 'startLiveStream' isn't defined for the type 'LiveKitService' - lib\screens\LiveStreamingScreen\live_streaming_screen.dart:62:43 - undefined_method
   info - Don't use 'BuildContext's across async gaps - lib\screens\LiveStreamingScreen\live_streaming_screen.dart:69:30 - use_build_context_synchronously
   info - Don't use 'BuildContext's across async gaps - lib\screens\LiveStreamingScreen\live_streaming_screen.dart:91:30 - use_build_context_synchronously
   info - Don't use 'BuildContext's across async gaps - lib\screens\LiveStreamingScreen\live_streaming_screen.dart:96:28 - use_build_context_synchronously
   info - The file name 'LiveTabbedPage.dart' isn't a lower_case_with_underscores identifier - lib\screens\LiveTabbedPage.dart:1:1 - file_names
   info - Don't use 'BuildContext's across async gaps - lib\screens\MessagesScreen\chat_screen.dart:152:32 - use_build_context_synchronously
   info - Don't use 'BuildContext's across async gaps - lib\screens\MessagesScreen\chat_screen.dart:228:30 - use_build_context_synchronously
   info - Don't use 'BuildContext's across async gaps - lib\screens\MessagesScreen\chat_screen.dart:243:28 - use_build_context_synchronously
   info - Don't use 'BuildContext's across async gaps - lib\screens\MessagesScreen\chat_screen.dart:304:38 - use_build_context_synchronously
   info - Don't use 'BuildContext's across async gaps - lib\screens\MessagesScreen\chat_screen.dart:326:38 - use_build_context_synchronously
   info - Don't use 'BuildContext's across async gaps - lib\screens\MessagesScreen\chat_screen.dart:329:31 - use_build_context_synchronously
   info - 'withOpacity' is deprecated and shouldn't be used. Use .withValues() to avoid precision loss - lib\screens\MessagesScreen\messages_screen.dart:153:74 - deprecated_member_use
   info - The file name 'NotificationSettingsPage.dart' isn't a lower_case_with_underscores identifier - lib\screens\NotificationSettingsPage.dart:1:1 - file_names
   info - Uses 'await' on an instance of 'String?', which is not a subtype of 'Future' - lib\screens\PhoneCallScreen\phone_call_screen.dart:31:19 - await_only_futures
  error - Instance member 'getToken' can't be accessed using static access - lib\screens\PhoneCallScreen\phone_call_screen.dart:31:40 - static_access_to_instance_member
  error - A value of type 'String?' can't be assigned to a variable of type 'String' - lib\screens\PhoneCallScreen\phone_call_screen.dart:33:31 - invalid_assignment
  error - Instance member 'setToken' can't be accessed using static access - lib\screens\PhoneCallScreen\phone_call_screen.dart:68:20 - static_access_to_instance_member
  error - Instance member 'joinRoom' can't be accessed using static access - lib\screens\PhoneCallScreen\phone_call_screen.dart:77:41 - static_access_to_instance_member
  error - 2 positional arguments expected by 'joinRoom', but 0 found - lib\screens\PhoneCallScreen\phone_call_screen.dart:78:7 - not_enough_positional_arguments
  error - The named parameter 'roomName' isn't defined - lib\screens\PhoneCallScreen\phone_call_screen.dart:78:7 - undefined_named_parameter
  error - The named parameter 'participantName' isn't defined - lib\screens\PhoneCallScreen\phone_call_screen.dart:79:7 - undefined_named_parameter
  error - The named parameter 'isHost' isn't defined - lib\screens\PhoneCallScreen\phone_call_screen.dart:80:7 - undefined_named_parameter
  error - The operator '[]' isn't defined for the type 'bool' - lib\screens\PhoneCallScreen\phone_call_screen.dart:83:15 - undefined_operator
   info - Don't use 'BuildContext's across async gaps - lib\screens\PhoneCallScreen\phone_call_screen.dart:84:28 - use_build_context_synchronously
  error - The operator '[]' isn't defined for the type 'bool' - lib\screens\PhoneCallScreen\phone_call_screen.dart:85:60 - undefined_operator
   info - Don't use 'BuildContext's across async gaps - lib\screens\PhoneCallScreen\phone_call_screen.dart:88:28 - use_build_context_synchronously
  error - The operator '[]' isn't defined for the type 'bool' - lib\screens\PhoneCallScreen\phone_call_screen.dart:89:62 - undefined_operator
  error - Instance member 'leaveRoom' can't be accessed using static access - lib\screens\PhoneCallScreen\phone_call_screen.dart:100:41 - static_access_to_instance_member
  error - This expression has a type of 'void' so its value can't be used - lib\screens\PhoneCallScreen\phone_call_screen.dart:102:15 - use_of_void_result
   info - Don't use 'BuildContext's across async gaps - lib\screens\PhoneCallScreen\phone_call_screen.dart:103:28 - use_build_context_synchronously
   info - Don't use 'BuildContext's across async gaps - lib\screens\PhoneCallScreen\phone_call_screen.dart:108:19 - use_build_context_synchronously
warning - The value of the local variable 'theme' isn't used - lib\screens\ProfileScreen\profile_screen.dart:14:11 - unused_local_variable
   info - 'withOpacity' is deprecated and shouldn't be used. Use .withValues() to avoid precision loss - lib\screens\ProfileScreen\profile_screen.dart:55:48 - deprecated_member_use
warning - The declaration '_buildDebugRow' isn't referenced - lib\screens\ProfileScreen\profile_screen.dart:139:10 - unused_element
  error - The method 'VideoView' isn't defined for the type '_VideoCallScreenState' - lib\screens\VideoCallScreen\video_call_screen.dart:151:27 - undefined_method
  error - The method 'VideoView' isn't defined for the type '_VideoCallScreenState' - lib\screens\VideoCallScreen\video_call_screen.dart:175:31 - undefined_method
  error - Undefined name 'RTCVideoViewObjectFit' - lib\screens\VideoCallScreen\video_call_screen.dart:177:38 - undefined_identifier
warning - The value of the local variable 'earnings' isn't used - lib\screens\creator_dashboard_screen.dart:21:11 - unused_local_variable
   info - 'withOpacity' is deprecated and shouldn't be used. Use .withValues() to avoid precision loss - lib\screens\creators_monetization_page.dart:79:34 - deprecated_member_use
   info - Don't use 'BuildContext's across async gaps - lib\screens\edit_profile_screen.dart:105:30 - use_build_context_synchronously
   info - Don't use 'BuildContext's across async gaps - lib\screens\edit_profile_screen.dart:116:28 - use_build_context_synchronously
   info - 'withOpacity' is deprecated and shouldn't be used. Use .withValues() to avoid precision loss - lib\screens\edit_profile_screen.dart:587:54 - deprecated_member_use
   info - 'withOpacity' is deprecated and shouldn't be used. Use .withValues() to avoid precision loss - lib\screens\edit_profile_screen.dart:627:54 - deprecated_member_use
   info - 'Share' is deprecated and shouldn't be used. Use SharePlus instead - lib\screens\feed_screen.dart:167:33 - deprecated_member_use
   info - 'share' is deprecated and shouldn't be used. Use SharePlus.instance.share() instead - lib\screens\feed_screen.dart:167:39 - deprecated_member_use
   info - Don't use 'BuildContext's across async gaps - lib\screens\feed_screen.dart:202:56 - use_build_context_synchronously
   info - Don't invoke 'print' in production code - lib\screens\gender_selection_screen.dart:23:7 - avoid_print
   info - 'withOpacity' is deprecated and shouldn't be used. Use .withValues() to avoid precision loss - lib\screens\gift_shelf.dart:120:49 - deprecated_member_use
warning - The value of the field '_giftPoints' isn't used - lib\screens\gifts_screen.dart:19:13 - unused_field
warning - The declaration '_showGiftDetails' isn't referenced - lib\screens\gifts_screen.dart:55:8 - unused_element
   info - 'withOpacity' is deprecated and shouldn't be used. Use .withValues() to avoid precision loss - lib\screens\gifts_screen.dart:256:39 - deprecated_member_use
   info - 'withOpacity' is deprecated and shouldn't be used. Use .withValues() to avoid precision loss - lib\screens\gifts_screen.dart:336:54 - deprecated_member_use
   info - 'withOpacity' is deprecated and shouldn't be used. Use .withValues() to avoid precision loss - lib\screens\gifts_screen.dart:456:35 - deprecated_member_use
   info - 'withOpacity' is deprecated and shouldn't be used. Use .withValues() to avoid precision loss - lib\screens\gifts_screen.dart:476:38 - deprecated_member_use
   info - 'withOpacity' is deprecated and shouldn't be used. Use .withValues() to avoid precision loss - lib\screens\gifts_screen.dart:477:38 - deprecated_member_use
warning - The value of the local variable 'theme' isn't used - lib\screens\home_screen.dart:152:11 - unused_local_variable
   info - 'withOpacity' is deprecated and shouldn't be used. Use .withValues() to avoid precision loss - lib\screens\home_screen.dart:338:33 - deprecated_member_use
warning - The declaration '_joinLounge' isn't referenced - lib\screens\live_lounge_screen.dart:24:8 - unused_element
warning - The value of the local variable 'stream' isn't used - lib\screens\live_screen.dart:81:25 - unused_local_variable
   info - 'withOpacity' is deprecated and shouldn't be used. Use .withValues() to avoid precision loss - lib\screens\live_screen.dart:124:66 - deprecated_member_use
warning - The declaration '_buildStreamCard' isn't referenced - lib\screens\live_screen.dart:208:10 - unused_element
   info - 'Share' is deprecated and shouldn't be used. Use SharePlus instead - lib\screens\live_screen.dart:335:21 - deprecated_member_use
   info - 'share' is deprecated and shouldn't be used. Use SharePlus.instance.share() instead - lib\screens\live_screen.dart:335:27 - deprecated_member_use
   info - Don't use 'BuildContext's across async gaps - lib\screens\live_screen.dart:370:44 - use_build_context_synchronously
warning - The declaration '_showGiftDialog' isn't referenced - lib\screens\live_screen.dart:399:8 - unused_element
   info - 'withOpacity' is deprecated and shouldn't be used. Use .withValues() to avoid precision loss - lib\screens\live_screen.dart:446:47 - deprecated_member_use
   info - 'withOpacity' is deprecated and shouldn't be used. Use .withValues() to avoid precision loss - lib\screens\live_screen.dart:465:48 - deprecated_member_use
   info - 'withOpacity' is deprecated and shouldn't be used. Use .withValues() to avoid precision loss - lib\screens\live_screen.dart:466:48 - deprecated_member_use
   info - Don't use 'BuildContext's across async gaps - lib\screens\live_screen.dart:591:33 - use_build_context_synchronously
   info - Don't use 'BuildContext's across async gaps - lib\screens\live_screen.dart:592:40 - use_build_context_synchronously
warning - The declaration '_formatTime' isn't referenced - lib\screens\live_screen.dart:615:10 - unused_element
warning - The declaration '_showSnackBar' isn't referenced - lib\screens\live_screen.dart:628:8 - unused_element
warning - The value of the local variable 'authProvider' isn't used - lib\screens\main_navigation_screen.dart:46:11 - unused_local_variable
   info - 'withOpacity' is deprecated and shouldn't be used. Use .withValues() to avoid precision loss - lib\screens\main_navigation_screen.dart:79:35 - deprecated_member_use
   info - 'withOpacity' is deprecated and shouldn't be used. Use .withValues() to avoid precision loss - lib\screens\moments_screen.dart:80:43 - deprecated_member_use
warning - The value of the local variable 'appState' isn't used - lib\screens\profile_screen.dart:12:11 - unused_local_variable
warning - The value of the field '_stateController' isn't used - lib\screens\profile_setup_screen.dart:19:31 - unused_field
warning - The value of the field '_ageController' isn't used - lib\screens\profile_setup_screen.dart:20:31 - unused_field
warning - The value of the field '_jobTitleController' isn't used - lib\screens\profile_setup_screen.dart:21:31 - unused_field
   info - Don't use 'BuildContext's across async gaps - lib\screens\profile_setup_screen.dart:107:30 - use_build_context_synchronously
   info - Don't use 'BuildContext's across async gaps - lib\screens\profile_setup_screen.dart:126:30 - use_build_context_synchronously
   info - Don't use 'BuildContext's across async gaps - lib\screens\profile_setup_screen.dart:132:28 - use_build_context_synchronously
warning - The value of the local variable 'photoUrls' isn't used - lib\screens\profile_setup_screen.dart:149:20 - unused_local_variable
warning - The value of the local variable 'videoUrl' isn't used - lib\screens\profile_setup_screen.dart:150:15 - unused_local_variable
   info - 'withOpacity' is deprecated and shouldn't be used. Use .withValues() to avoid precision loss - lib\screens\profile_setup_screen.dart:264:79 - deprecated_member_use
   info - 'withOpacity' is deprecated and shouldn't be used. Use .withValues() to avoid precision loss - lib\screens\profile_setup_screen.dart:433:67 - deprecated_member_use
warning - The value of the local variable 'isPremiumUser' isn't used - lib\screens\settings_screen.dart:17:10 - unused_local_variable
warning - The value of the local variable 'incognitoMode' isn't used - lib\screens\settings_screen.dart:18:6 - unused_local_variable
warning - The declaration '_SettingsFiltersTab' isn't referenced - lib\screens\settings_screen.dart:93:7 - unused_element
warning - The declaration '_SettingsMomentsTab' isn't referenced - lib\screens\settings_screen.dart:109:7 - unused_element
warning - The declaration '_SettingsGeneralTab' isn't referenced - lib\screens\settings_screen.dart:128:7 - unused_element
warning - The value of the field '_onMessage' isn't used - lib\services\messages_service.dart:12:40 - unused_field
   info - Don't invoke 'print' in production code - lib\services\profile_service.dart:36:7 - avoid_print
   info - Don't invoke 'print' in production code - lib\services\profile_service.dart:81:7 - avoid_print
   info - Don't invoke 'print' in production code - lib\services\profile_service.dart:103:7 - avoid_print
   info - Don't invoke 'print' in production code - lib\services\profile_service.dart:123:7 - avoid_print
   info - Don't invoke 'print' in production code - lib\services\profile_service.dart:159:7 - avoid_print
   info - 'red' is deprecated and shouldn't be used. Use (*.r * 255.0).round() & 0xff - lib\utils\color_extension.dart:9:9 - deprecated_member_use
   info - 'green' is deprecated and shouldn't be used. Use (*.g * 255.0).round() & 0xff - lib\utils\color_extension.dart:10:9 - deprecated_member_use
   info - 'blue' is deprecated and shouldn't be used. Use (*.b * 255.0).round() & 0xff - lib\utils\color_extension.dart:11:9 - deprecated_member_use
   info - 'withOpacity' is deprecated and shouldn't be used. Use .withValues() to avoid precision loss - lib\widgets\gift_tile.dart:45:36 - deprecated_member_use
   info - 'withOpacity' is deprecated and shouldn't be used. Use .withValues() to avoid precision loss - lib\widgets\gift_tile.dart:46:36 - deprecated_member_use
warning - The value of the local variable 'appState' isn't used - lib\widgets\profile_detail_screen.dart:177:11 - unused_local_variable
   info - 'Share' is deprecated and shouldn't be used. Use SharePlus instead - lib\widgets\profile_detail_screen.dart:214:19 - deprecated_member_use
   info - 'share' is deprecated and shouldn't be used. Use SharePlus.instance.share() instead - lib\widgets\profile_detail_screen.dart:214:25 - deprecated_member_use
   info - Don't use 'BuildContext's across async gaps - lib\widgets\profile_detail_screen.dart:240:42 - use_build_context_synchronously
   info - Don't use 'BuildContext's across async gaps - lib\widgets\profile_detail_screen.dart:269:42 - use_build_context_synchronously
   info - Don't use 'BuildContext's across async gaps - lib\widgets\profile_detail_screen.dart:272:35 - use_build_context_synchronously
   info - 'withOpacity' is deprecated and shouldn't be used. Use .withValues() to avoid precision loss - lib\widgets\profile_detail_screen.dart:318:42 - deprecated_member_use
   info - 'withOpacity' is deprecated and shouldn't be used. Use .withValues() to avoid precision loss - lib\widgets\profile_detail_screen.dart:343:48 - deprecated_member_use
   info - 'withOpacity' is deprecated and shouldn't be used. Use .withValues() to avoid precision loss - lib\widgets\profile_detail_screen.dart:547:52 - deprecated_member_use
   info - 'withOpacity' is deprecated and shouldn't be used. Use .withValues() to avoid precision loss - lib\widgets\profile_detail_screen.dart:550:54 - deprecated_member_use
warning - Dead code - lib\widgets\profile_detail_screen.dart:605:40 - dead_code
   info - Don't use 'BuildContext's across async gaps - lib\widgets\profile_detail_screen.dart:640:50 - use_build_context_synchronously
   info - 'withOpacity' is deprecated and shouldn't be used. Use .withValues() to avoid precision loss - lib\widgets\profile_detail_screen.dart:683:26 - deprecated_member_use
warning - The value of the field '_scaleAnimation' isn't used - lib\widgets\swipe_card.dart:25:26 - unused_field
warning - The value of the field '_rotationAnimation' isn't used - lib\widgets\swipe_card.dart:26:26 - unused_field
warning - The value of the field '_slideAnimation' isn't used - lib\widgets\swipe_card.dart:27:26 - unused_field
   info - 'withOpacity' is deprecated and shouldn't be used. Use .withValues() to avoid precision loss - lib\widgets\swipe_card.dart:183:41 - deprecated_member_use
   info - 'withOpacity' is deprecated and shouldn't be used. Use .withValues() to avoid precision loss - lib\widgets\swipe_card.dart:225:44 - deprecated_member_use

